  ✗ S-CORE-LIGHT-PASS-first: harness error run journal storage operation failed
  ✗ S-CORE-LIGHT-FAIL-first: harness error run journal storage operation failed
  ✗ S-CORE-LIGHT-PASS_WITH_RISK-first: harness error run journal storage operation failed
  ✗ S-CORE-LIGHT-BLOCKED_UNKNOWN-first: harness error run journal storage operation failed
  ✗ S-CORE-STANDARD-PASS-first: harness error run journal storage operation failed
  ✗ S-CORE-STANDARD-FAIL-first: harness error run journal storage operation failed
  ✗ S-CORE-STANDARD-PASS_WITH_RISK-first: harness error run journal storage operation failed
  ✗ S-CORE-STANDARD-BLOCKED_UNKNOWN-first: harness error run journal storage operation failed
  ✗ S-CORE-DEEP-PASS-first: harness error run journal storage operation failed
  ✗ S-CORE-DEEP-FAIL-first: harness error run journal storage operation failed
  ✗ S-CORE-DEEP-PASS_WITH_RISK-first: harness error run journal storage operation failed
  ✗ S-CORE-DEEP-BLOCKED_UNKNOWN-first: harness error run journal storage operation failed
  ✗ S-CORE-LIGHT-PASS-upgrade: harness error run journal storage operation failed
  ✗ S-CORE-LIGHT-PASS_WITH_RISK-upgrade: harness error run journal storage operation failed
  ✗ S-CORE-STANDARD-PASS-upgrade: harness error run journal storage operation failed
  ✗ S-CORE-STANDARD-PASS_WITH_RISK-upgrade: harness error run journal storage operation failed
  ✗ S-CORE-LIGHT-FAIL-multiround: harness error run journal storage operation failed
  ✗ S-CORE-STANDARD-FAIL-multiround: harness error run journal storage operation failed
  ✗ S-CORE-DEEP-FAIL-multiround: harness error run journal storage operation failed
  ✗ S-CORE-LIGHT-PASS-reviewwave: harness error run journal storage operation failed
  ✗ S-CORE-STANDARD-PASS-reviewwave: harness error run journal storage operation failed
  ✗ S-CORE-DEEP-PASS-reviewwave: harness error run journal storage operation failed
  ✗ S-CORE-LIGHT-PASS-review-regate: harness error run journal storage operation failed
  ✗ S-CORE-STANDARD-PASS-review-regate: harness error run journal storage operation failed
  ✗ S-CORE-DEEP-PASS-review-regate: harness error run journal storage operation failed
  ✗ S-CORE-LIGHT-PASS_WITH_RISK-review-regate: harness error run journal storage operation failed
  ✗ S-CORE-STANDARD-PASS_WITH_RISK-review-regate: harness error run journal storage operation failed
  ✗ S-CORE-DEEP-PASS_WITH_RISK-review-regate: harness error run journal storage operation failed
  ✗ S-CORE-DEEP-FAIL-requirement-reflow: harness error run journal storage operation failed
  ✗ S-CORE-DEEP-PASS-requirement-reflow: harness error run journal storage operation failed
  ✗ S-CORE-DEEP-PASS-feedback-regate-post-review: harness error run journal storage operation failed
  ✗ S-CORE-DEEP-PASS-feedback-regate-post-gate: harness error run journal storage operation failed
  ✗ S-CORE-LIGHT-FAIL-upgrade: harness error run journal storage operation failed
  ✗ S-CORE-STANDARD-FAIL-upgrade: harness error run journal storage operation failed
  ✗ S-MANIFEST-STANDARD-reconcile: harness error run journal storage operation failed
  ✗ S-MANIFEST-STANDARD-corrupt: harness error run journal storage operation failed
  ✗ S-CRASH-STANDARD-post-gate-verdict-resume: harness error run journal storage operation failed
  ✗ S-CRASH-STANDARD-post-gate-verdict-double-resume: harness error run journal storage operation failed
  ✗ S-CRASH-STANDARD-post-finding-migration-resume: harness error run journal storage operation failed
  ✗ S-CRASH-STANDARD-post-finding-migration-double-resume: harness error run journal storage operation failed
  ✗ S-CRASH-STANDARD-pre-manifest-write-resume: harness error run journal storage operation failed
  ✗ S-CRASH-STANDARD-pre-manifest-write-double-resume: harness error run journal storage operation failed
  ✗ S-INIT-new-project-STANDARD-PASS-first: harness error run journal storage operation failed
  ✗ S-INIT-new-project-STANDARD-FAIL-reflow: harness error run journal storage operation failed
  ✗ S-INIT-existing-code-STANDARD-PASS-first: harness error run journal storage operation failed
  ✗ S-INIT-existing-code-STANDARD-FAIL-reflow: harness error run journal storage operation failed
  ✗ S-INIT-original-sdd-STANDARD-PASS-first: harness error run journal storage operation failed
  ✗ S-INIT-original-sdd-STANDARD-FAIL-reflow: harness error run journal storage operation failed
  ✗ S-INIT-original-sdlc-sdd-STANDARD-PASS-first: harness error run journal storage operation failed
  ✗ S-INIT-original-sdlc-sdd-STANDARD-FAIL-reflow: harness error run journal storage operation failed
