G6 comparator negative matrix (G6T2-R1-H4): one real PASS pair + mutations
G6 comparator negative matrix (G6T2-R1-H4): one real PASS pair + mutations
  ✓ the three artifact-layer dimensions judge MATCH
  ✓ the six behavior-layer dimensions are NOT_JUDGED, never MATCH
  ✓ dropped head field projection_provenance mutated → still equal
  ✓ dropped head field declaration_log mutated → still equal
  ✓ dropped head field publish_seq mutated → still equal
  ✓ dropped head field projected_through mutated → still equal
  ✓ dropped head field updated_at mutated → still equal
  ✓ dropped head field corrections mutated → still equal
  ✓ dropped head field repair_records mutated → still equal
  ✓ dropped head field manifest_digest mutated → still equal
  ✓ dropped entry field source_event_ref mutated → still equal
  ✓ dropped entry field updated_at mutated → still equal
  ✓ dropped entry field execution mutated → still equal
  ✓ mutated entry digest → NOT equal with raw diff path (entries.0.digest: manual="6d2e913f693dd1639575ebc352dd9c1d9d2e32eb1a4cde54a970796ada72373c" runtime="ffffffffffffffffffffffffffffffffffffffffffffffffffffffffffffffff")
  ✓ mutated entry version → NOT equal with raw diff path (entries.0.version: manual="1.0.0" runtime="9.9.9")
  ✓ mutated entry status → NOT equal with raw diff path (entries.0.status: manual="current" runtime="stale")
  ✓ mutated entry artifact_path → NOT equal with raw diff path (entries.0.artifact_path: manual="00-需求资料/20260920-S-CORE-STANDARD-PASS-first_需求摘要.md" runtime="00-需求资料/forged.md")
  ✓ mutated entry node id → NOT equal with raw diff path (entries.0.node: manual="requirement-intake" runtime="forged-node")
  ✓ mutated findingIndex → NOT equal with raw diff path
  ✓ mutated non-dropped head field (title) → NOT equal
  ✓ missing entry → NOT equal
  ✓ extra entry → NOT equal
  ✓ H4 reproduction (intake digest drift) → NOT all-MATCH
  ✓ catch-up regime: basename-only path difference is the D-7 exemption (still equal)
  ✓ catch-up regime: directory-segment path difference still FAILS (exemption is basename-only)
  ✓ catch-up regime: digest difference still FAILS
  ✓ takeover regime: the same basename difference FAILS (exemptions are catch-up-only)
  ✓ D-17 real baseline: the proven closure-row id flip compares equal
  ✓ D-17 real baseline: the closure row exists (the old branch was skipped)
  ✓ D-17: a forged closure-row id FAILS (the exemption requires per-row proof)
  ✓ D-17: the real id flip FAILS under the takeover regime (exemptions are catch-up-only)
  ✓ D-17: a store-proven id on an unpaired row FAILS (pairing is required)
  ✓ D-17: an OPEN row's id flip FAILS (closure rows only)
  ✓ D-17: two proven closure rows (distinct per-row ids) compare equal
  ✓ D-17: a row carrying a SIBLING finding's store id FAILS (per-row proof)
  ✓ D-17: a duplicated pairing (two rows on one identity) FAILS (one-to-one)
  ✓ D-17: an OPEN row's id flip FAILS (closure rows only)
